cmsis_os.c:132:12:inHandlerMode	8	static
cmsis_os.c:152:10:osKernelStart	8	static
cmsis_os.c:167:9:osKernelRunning	8	static
cmsis_os.c:186:10:osKernelSysTick	8	static
cmsis_os.c:204:12:osThreadCreate	32	static
cmsis_os.c:223:12:osThreadGetId	0	static
cmsis_os.c:238:10:osThreadTerminate	8	static
cmsis_os.c:253:10:osThreadYield	0	static
cmsis_os.c:267:10:osThreadSetPriority	8	static
cmsis_os.c:283:12:osThreadGetPriority	8	static
cmsis_os.c:305:10:osDelay	8	static
cmsis_os.c:340:11:osTimerCreate	0	static
cmsis_os.c:360:10:osTimerStart	0	static
cmsis_os.c:399:10:osTimerStop	0	static
cmsis_os.c:428:10:osTimerDelete	0	static
cmsis_os.c:458:9:osSignalSet	32	static
cmsis_os.c:500:9:osSignalWait	32	static
cmsis_os.c:554:11:osMutexCreate	0	static
cmsis_os.c:570:10:osMutexWait	24	static
cmsis_os.c:656:15:osSemaphoreCreate	8	static
cmsis_os.c:680:9:osSemaphoreWait	24	static
cmsis_os.c:720:10:osSemaphoreRelease	24	static
cmsis_os.c:610:10:osMutexRelease	0	static
cmsis_os.c:747:10:osSemaphoreDelete	16	static
cmsis_os.c:634:10:osMutexDelete	0	static
cmsis_os.c:784:10:osPoolCreate	24	static
cmsis_os.c:829:7:osPoolAlloc	16	static
cmsis_os.c:873:7:osPoolCAlloc	8	static
cmsis_os.c:892:10:osPoolFree	0	static
cmsis_os.c:936:14:osMessageCreate	0	static
cmsis_os.c:951:10:osMessagePut	32	static
cmsis_os.c:983:9:osMessageGet	40	static
cmsis_os.c:1052:11:osMailCreate	32	static
cmsis_os.c:1091:7:osMailAlloc	0	static
cmsis_os.c:1113:7:osMailCAlloc	8	static
cmsis_os.c:1134:10:osMailPut	32	static
cmsis_os.c:1167:9:osMailGet	40	static
cmsis_os.c:1223:10:osMailFree	0	static
cmsis_os.c:1239:6:osSystickHandler	8	static
cmsis_os.c:1309:10:osThreadSuspend	8	static
cmsis_os.c:1325:10:osThreadResume	8	static
cmsis_os.c:1349:10:osThreadSuspendAll	8	static
cmsis_os.c:1360:10:osThreadResumeAll	8	static
cmsis_os.c:1377:10:osDelayUntil	0	static
cmsis_os.c:1399:10:osThreadList	0	static
cmsis_os.c:1413:9:osMessagePeek	32	static
cmsis_os.c:1454:11:osRecursiveMutexCreate	0	static
cmsis_os.c:1469:10:osRecursiveMutexRelease	0	static
cmsis_os.c:1490:10:osRecursiveMutexWait	0	static
