main.c:1054:6:StartDefaultTask	8	static
main.c:1068:6:StartTXPC	128	static
main.c:1314:6:StartRXiN	128	static
main.c:634:6:SystemClock_Config	96	static
main.c:827:6:SetupBinarySemaphores	8	static
main.c:441:5:main	384	static
main.c:842:9:swap_int32	0	static
main.c:848:6:BaseCommandCompile	48	static
main.c:1138:6:StartRXPC	56	static
main.c:1385:6:StartHeartbeat	32	static
main.c:888:6:TransmitM1_DMA	8	static
main.c:1420:6:StartTXMotor1	24	static
main.c:892:6:ReceiveM1_DMA	8	static
main.c:896:6:TransmitM2_DMA	8	static
main.c:1461:6:StartTXMotor2	24	static
main.c:900:6:ReceiveM2_DMA	8	static
main.c:905:6:HAL_UART_TxCpltCallback	0	static
main.c:915:6:HAL_UART_RxCpltCallback	16	static
main.c:965:6:HAL_UART_EndDMA_RX	8	static
main.c:1515:6:StartRXMotor1	120	static
main.c:1640:6:StartRXMotor2	120	static
main.c:985:8:ForwardKinematics	40	static
main.c:1770:6:StartController	232	static
main.c:1018:8:InverseKinematics	40	static
main.c:2154:6:HAL_TIM_PeriodElapsedCallback	0	static
main.c:2172:6:Error_Handler	0	static
